
> cardbackend@1.0.0 dev
> nodemon

[33m[nodemon] 3.1.10[39m
[33m[nodemon] reading config ./nodemon.json[39m
[33m[nodemon] to restart at any time, enter `rs`[39m
[33m[nodemon] or send SIGHUP to 98680 to restart[39m
[33m[nodemon] ignoring: dist/**/* node_modules/**/* src/tests/**/* src/gameData/**/* *.test.ts *.test.js[39m
[33m[nodemon] watching path(s): src/**/* server.ts[39m
[33m[nodemon] watching extensions: ts,js,json[39m
[32m[nodemon] starting `ts-node server.ts`[39m
[33m[nodemon] spawning[39m
[33m[nodemon] child pid: 98705[39m
[33m[nodemon] watching 405 files[39m
Loading DeckManager synchronously...
DeckManager initialized synchronously with 59 total cards
DecksCollection loaded with 2 players
🎯 CardActionHandler: Initialized with comprehensive card placement logic
🎯 GameFlowOrchestrator: Initialized with complete manager class coordination
🎮 GameLogic initialized with TypeScript class support
🎮 GameController initialized with TypeScript support
DeckManager already initialized synchronously
DeckManager status: {
  initialized: true,
  cardsLoaded: true,
  cardsCount: 59,
  leaderCardsLoaded: true,
  decksLoaded: true,
  decksCollectionLoaded: true,
  playersCount: 2
}
Server is running on port 8081
🎮 Starting new game for player: playerId_1
🎮 Creating new game for player: playerId_1
🚀 Initializing OptimizedGameEngine for game: 51ac8794-06b3-436c-a90e-7d27c241dc12...
🚀 Creating new OptimizedGameEngine for game: 51ac8794-06b3-436c-a90e-7d27c241dc12
🚀 OptimizedGameEngine initialized with config: {
  enableCaching: true,
  enableMetrics: true,
  maxCacheSize: 1000,
  validationTimeout: 5000
}
🔄 Initializing OptimizedGameEngine...
✅ OptimizedGameEngine initialized
✅ OptimizedGameEngine initialized for game: 51ac8794-06b3-436c-a90e-7d27c241dc12
✅ OptimizedGameEngine initialized for game: 51ac8794-06b3-436c-a90e-7d27c241dc12
aaa {"phase":"WAITING_FOR_PLAYERS","playerId_1":"playerId_1","playerId_2":null,"gameStarted":false,"firstPlayer":0,"currentPlayer":"playerId_1","currentTurn":1,"playersReady":{},"players":{"playerId_1":{"id":"playerId_1","name":"Player 1","deck":{"currentLeaderIdx":0,"leader":[],"hand":[],"mainDeck":[],"leaderMapping":{},"cardMapping":{},"handDetails":[]},"redraw":0,"turnAction":[],"playerPoint":0,"isReady":false}},"zones":{"playerId_1":{"leader":[],"top":[],"left":[],"right":[],"help":[],"sp":[]}},"fieldEffects":{},"neutralizationHistory":[],"gameEvents":[{"id":"event_1754673174314_1","type":"GAME_CREATED","data":{"gameId":"51ac8794-06b3-436c-a90e-7d27c241dc12","createdBy":"playerId_1","phase":"WAITING_FOR_PLAYERS","timestamp":1754673174314},"timestamp":1754673174314,"expiresAt":1754673177314,"frontendProcessed":false,"requireFrontendAcknowledgment":false}],"lastEventId":1,"playSequence":{"globalSequence":0,"plays":[]}}
💾 Game 51ac8794-06b3-436c-a90e-7d27c241dc12 saved to file
✅ Game created successfully: 51ac8794-06b3-436c-a90e-7d27c241dc12
🔍 joinRoom called with body: {
  playerId: 'playerId_2',
  gameId: '51ac8794-06b3-436c-a90e-7d27c241dc12',
  playerName: 'Demo Opponent'
}
🎮 Player playerId_2 joining game: 51ac8794-06b3-436c-a90e-7d27c241dc12
📂 Game 51ac8794-06b3-436c-a90e-7d27c241dc12 loaded from file
📋 Preparing decks for both players...
debug prepareDeckForPlayer playerId_1
debug playerData222 {"c-1_1754673174339_0":"c-1","c-2_1754673174339_1":"c-2","c-3_1754673174339_2":"c-3","c-4_1754673174339_3":"c-4","c-5_1754673174339_4":"c-5","c-6_1754673174339_5":"c-6","c-7_1754673174339_6":"c-7","c-8_1754673174339_7":"c-8","c-9_1754673174339_8":"c-9","c-10_1754673174339_9":"c-10","c-11_1754673174339_10":"c-11","c-12_1754673174339_11":"c-12","c-13_1754673174339_12":"c-13","c-14_1754673174339_13":"c-14","c-15_1754673174339_14":"c-15","c-16_1754673174339_15":"c-16","c-17_1754673174339_16":"c-17","c-18_1754673174339_17":"c-18","c-19_1754673174339_18":"c-19","c-20_1754673174339_19":"c-20","c-21_1754673174339_20":"c-21","c-22_1754673174339_21":"c-22","c-23_1754673174339_22":"c-23","c-24_1754673174339_23":"c-24","h-1_1754673174339_24":"h-1","h-2_1754673174339_25":"h-2","h-3_1754673174339_26":"h-3","h-9_1754673174339_27":"h-9","sp-2_1754673174339_28":"sp-2","sp-3_1754673174339_29":"sp-3"}
debug prepareDeckForPlayer playerId_2
debug playerData222 {"c-1_1754673174339_0":"c-1","c-7_1754673174339_1":"c-7","c-2_1754673174339_2":"c-2","c-23_1754673174339_3":"c-23","c-8_1754673174339_4":"c-8","c-14_1754673174339_5":"c-14","c-16_1754673174339_6":"c-16","c-18_1754673174339_7":"c-18","c-19_1754673174339_8":"c-19","c-21_1754673174339_9":"c-21","c-24_1754673174339_10":"c-24","c-25_1754673174339_11":"c-25","c-27_1754673174339_12":"c-27","c-3_1754673174339_13":"c-3","c-4_1754673174339_14":"c-4","c-5_1754673174339_15":"c-5","c-6_1754673174339_16":"c-6","c-28_1754673174339_17":"c-28","c-26_1754673174339_18":"c-26","c-15_1754673174339_19":"c-15","c-17_1754673174339_20":"c-17","c-20_1754673174339_21":"c-20","h-1_1754673174339_22":"h-1","h-11_1754673174339_23":"h-11","h-13_1754673174339_24":"h-13","h-15_1754673174339_25":"h-15","sp-2_1754673174339_26":"sp-2","sp-10_1754673174339_27":"sp-10"}
debug leaderUIDMapping {"s-1_1754673174339_0":"s-1","s-2_1754673174339_1":"s-2","s-3_1754673174339_2":"s-3","s-4_1754673174339_3":"s-4"}
debug leaderUIDMapping {"s-5_1754673174339_0":"s-5","s-6_1754673174339_1":"s-6","s-3_1754673174339_2":"s-3","s-2_1754673174339_3":"s-2"}
🎯 Decks prepared. Player 1 hand size: 7, Player 2 hand size: 7
debug leader1Details {"id":"s-2","name":"拜登","cardType":"leader","gameType":"左翼","initialPoint":100,"level":7,"rarity":"legendary","zoneCompatibility":{"top":["左翼","自由","經濟","右翼","愛國者"],"left":["左翼","自由","經濟","右翼","愛國者"],"right":["左翼","自由","經濟","右翼","愛國者"]},"effects":{"description":"全部召喚出來的角色能力值 +40","rules":[{"id":"biden_all_boost","type":"continuous","trigger":{"event":"always","conditions":[]},"target":{"owner":"self","zones":["top","left","right"],"filters":[]},"effect":{"type":"powerBoost","value":40}}]}}
debug leader2Details {"id":"s-3","name":"馬斯克","cardType":"leader","gameType":"自由","initialPoint":91,"level":6,"rarity":"epic","zoneCompatibility":{"top":["自由","經濟"],"left":["左翼","自由"],"right":["右翼","自由"]},"effects":{"description":"全部召喚出來的角色擁有自由屬性能力值 +50。全部召喚出來的角色如擁有Doge在角色名字，能力值 再+20","rules":[{"id":"musk_freedom_boost","type":"continuous","trigger":{"event":"always","conditions":[]},"target":{"owner":"self","zones":["top","left","right"],"filters":[{"type":"gameType","value":"自由"}]},"effect":{"type":"powerBoost","value":50}},{"id":"musk_doge_boost","type":"continuous","trigger":{"event":"always","conditions":[]},"target":{"owner":"self","zones":["top","left","right"],"filters":[{"type":"nameContains","value":"Doge"}]},"effect":{"type":"powerBoost","value":20}}]}}
test222  {"cardUid":"s-2_1754673174339_1","cardId":"s-2","cardData":{"id":"s-2","name":"拜登","cardType":"leader","gameType":"左翼","initialPoint":100,"level":7,"rarity":"legendary","zoneCompatibility":{"top":["左翼","自由","經濟","右翼","愛國者"],"left":["左翼","自由","經濟","右翼","愛國者"],"right":["左翼","自由","經濟","右翼","愛國者"]},"effects":{"description":"全部召喚出來的角色能力值 +40","rules":[{"id":"biden_all_boost","type":"continuous","trigger":{"event":"always","conditions":[]},"target":{"owner":"self","zones":["top","left","right"],"filters":[]},"effect":{"type":"powerBoost","value":40}}]}},"isFaceDown":false,"placedAt":1754673174342,"placedBy":"playerId_1"}
test333  {"cardUid":"s-2_1754673174339_1","cardId":"s-2","cardData":{"id":"s-2","name":"拜登","cardType":"leader","gameType":"左翼","initialPoint":100,"level":7,"rarity":"legendary","zoneCompatibility":{"top":["左翼","自由","經濟","右翼","愛國者"],"left":["左翼","自由","經濟","右翼","愛國者"],"right":["左翼","自由","經濟","右翼","愛國者"]},"effects":{"description":"全部召喚出來的角色能力值 +40","rules":[{"id":"biden_all_boost","type":"continuous","trigger":{"event":"always","conditions":[]},"target":{"owner":"self","zones":["top","left","right"],"filters":[]},"effect":{"type":"powerBoost","value":40}}]}},"isFaceDown":false,"placedAt":1754673174342,"placedBy":"playerId_1"}
✅ Set card in zone: s-2_1754673174339_1 (s-2) → leader for player playerId_1 with data: 拜登
test222  {"cardUid":"s-3_1754673174339_2","cardId":"s-3","cardData":{"id":"s-3","name":"馬斯克","cardType":"leader","gameType":"自由","initialPoint":91,"level":6,"rarity":"epic","zoneCompatibility":{"top":["自由","經濟"],"left":["左翼","自由"],"right":["右翼","自由"]},"effects":{"description":"全部召喚出來的角色擁有自由屬性能力值 +50。全部召喚出來的角色如擁有Doge在角色名字，能力值 再+20","rules":[{"id":"musk_freedom_boost","type":"continuous","trigger":{"event":"always","conditions":[]},"target":{"owner":"self","zones":["top","left","right"],"filters":[{"type":"gameType","value":"自由"}]},"effect":{"type":"powerBoost","value":50}},{"id":"musk_doge_boost","type":"continuous","trigger":{"event":"always","conditions":[]},"target":{"owner":"self","zones":["top","left","right"],"filters":[{"type":"nameContains","value":"Doge"}]},"effect":{"type":"powerBoost","value":20}}]}},"isFaceDown":false,"placedAt":1754673174342,"placedBy":"playerId_2"}
test333  {"cardUid":"s-3_1754673174339_2","cardId":"s-3","cardData":{"id":"s-3","name":"馬斯克","cardType":"leader","gameType":"自由","initialPoint":91,"level":6,"rarity":"epic","zoneCompatibility":{"top":["自由","經濟"],"left":["左翼","自由"],"right":["右翼","自由"]},"effects":{"description":"全部召喚出來的角色擁有自由屬性能力值 +50。全部召喚出來的角色如擁有Doge在角色名字，能力值 再+20","rules":[{"id":"musk_freedom_boost","type":"continuous","trigger":{"event":"always","conditions":[]},"target":{"owner":"self","zones":["top","left","right"],"filters":[{"type":"gameType","value":"自由"}]},"effect":{"type":"powerBoost","value":50}},{"id":"musk_doge_boost","type":"continuous","trigger":{"event":"always","conditions":[]},"target":{"owner":"self","zones":["top","left","right"],"filters":[{"type":"nameContains","value":"Doge"}]},"effect":{"type":"powerBoost","value":20}}]}},"isFaceDown":false,"placedAt":1754673174342,"placedBy":"playerId_2"}
✅ Set card in zone: s-3_1754673174339_2 (s-3) → leader for player playerId_2 with data: 馬斯克
🔮 Initializing field effects through unified effect system...
⚠️ Using legacy JSON-based simulation - consider upgrading to class-based method
🎬 Starting enhanced TypeScript class-based effect simulation...
🔧 Initializing field effects using TypeScript class methods...
   ✅ Initialized field effects for playerId_1
   ✅ Initialized field effects for playerId_2
📋 Replaying 0 plays directly on GameEnvironment class...
⚡ Calculating final powers using TypeScript class methods...
   🌐 Collected 0 total active effects from all players
   🔍 Processing cards for player playerId_1
     ⏭️ Skipping zone leader (no power contribution)
     ⏭️ Skipping zone help (no power contribution)
     ⏭️ Skipping zone sp (no power contribution)
   ✅ Completed power calculation for player playerId_1
      📊 Calculated powers: {}
   🔍 Processing cards for player playerId_2
     ⏭️ Skipping zone leader (no power contribution)
     ⏭️ Skipping zone help (no power contribution)
     ⏭️ Skipping zone sp (no power contribution)
   ✅ Completed power calculation for player playerId_2
      📊 Calculated powers: {}
✅ Final power calculation completed for all players
📊 Calculating player points using TypeScript class methods...
⚠️ calculatePlayerPointFunc not set - skipping point calculation
⚠️ calculatePlayerPointFunc not set - skipping point calculation
✅ Enhanced TypeScript class-based simulation completed
✅ Field effects initialized successfully
✅ Player playerId_2 joined game 51ac8794-06b3-436c-a90e-7d27c241dc12. Game initialized and ready for start.
❌ Error joining game: TypeError: player.toJSON is not a function
    at GameEnvironment.toJSON (/Users/hello/Desktop/card/unity/cardGameRevamp/cardBackend/src/models/GameEnvironment.ts:1394:47)
    at GameLogic.saveGameToFile (/Users/hello/Desktop/card/unity/cardGameRevamp/cardBackend/src/services/GameLogic.ts:411:34)
    at GameLogic.joinGame (/Users/hello/Desktop/card/unity/cardGameRevamp/cardBackend/src/services/GameLogic.ts:260:24)
    at async GameController.joinRoom (/Users/hello/Desktop/card/unity/cardGameRevamp/cardBackend/src/controllers/gameController.ts:116:31)
[33m[nodemon] files triggering change check: src/gameData/51ac8794-06b3-436c-a90e-7d27c241dc12.json[39m
[33m[nodemon] changes after filters (before/after): 1/0[39m
[33m[nodemon] files triggering change check: src/utils/GameEnvironmentAdapter.ts[39m
[33m[nodemon] matched rule: **/src/**/*[39m
[33m[nodemon] changes after filters (before/after): 1/1[39m
[33m[nodemon] delaying restart for 1000ms[39m
[32m[nodemon] restarting due to changes...[39m
[33m[nodemon] src/utils/GameEnvironmentAdapter.ts[39m

[32m[nodemon] starting `ts-node server.ts`[39m
[33m[nodemon] spawning[39m
[33m[nodemon] child pid: 3243[39m
Loading DeckManager synchronously...
DeckManager initialized synchronously with 59 total cards
DecksCollection loaded with 2 players
🎯 CardActionHandler: Initialized with comprehensive card placement logic
🎯 GameFlowOrchestrator: Initialized with complete manager class coordination
🎮 GameLogic initialized with TypeScript class support
🎮 GameController initialized with TypeScript support
DeckManager already initialized synchronously
DeckManager status: {
  initialized: true,
  cardsLoaded: true,
  cardsCount: 59,
  leaderCardsLoaded: true,
  decksLoaded: true,
  decksCollectionLoaded: true,
  playersCount: 2
}
Server is running on port 8081
[33m[nodemon] files triggering change check: src/gameData/e52f7630-80e9-4ed8-b2bb-1079c9717d0a.json[39m
[33m[nodemon] changes after filters (before/after): 1/0[39m
[33m[nodemon] files triggering change check: src/services/GameLogic.ts[39m
[33m[nodemon] matched rule: **/src/**/*[39m
[33m[nodemon] changes after filters (before/after): 1/1[39m
[33m[nodemon] delaying restart for 1000ms[39m
[32m[nodemon] restarting due to changes...[39m
[33m[nodemon] src/services/GameLogic.ts[39m

[32m[nodemon] starting `ts-node server.ts`[39m
[33m[nodemon] spawning[39m
[33m[nodemon] child pid: 8679[39m
Loading DeckManager synchronously...
DeckManager initialized synchronously with 59 total cards
DecksCollection loaded with 2 players
🎯 CardActionHandler: Initialized with comprehensive card placement logic
🎯 GameFlowOrchestrator: Initialized with complete manager class coordination
🎮 GameLogic initialized with TypeScript class support
🎮 GameController initialized with TypeScript support
DeckManager already initialized synchronously
DeckManager status: {
  initialized: true,
  cardsLoaded: true,
  cardsCount: 59,
  leaderCardsLoaded: true,
  decksLoaded: true,
  decksCollectionLoaded: true,
  playersCount: 2
}
Server is running on port 8081
SIGTERM received. Shutting down gracefully...
Server closed
[32m[nodemon] clean exit - waiting for changes before restart[39m
[33m[nodemon] exiting[39m
